0 verbose cli /usr/local/bin/node /usr/local/bin/npm
1 info using npm@10.2.4
2 info using node@v20.11.1
3 timing npm:load:whichnode Completed in 0ms
4 timing config:load:defaults Completed in 1ms
5 timing config:load:file:/usr/local/lib/node_modules/npm/npmrc Completed in 0ms
6 timing config:load:builtin Completed in 0ms
7 timing config:load:cli Completed in 1ms
8 timing config:load:env Completed in 0ms
9 timing config:load:file:/Users/mariusndini/Documents/GitHub/n8n-nodes-mnexium/.npmrc Completed in 1ms
10 timing config:load:project Completed in 1ms
11 timing config:load:file:/Users/mariusndini/.npmrc Completed in 0ms
12 timing config:load:user Completed in 0ms
13 timing config:load:file:/usr/local/etc/npmrc Completed in 0ms
14 timing config:load:global Completed in 0ms
15 timing config:load:setEnvs Completed in 1ms
16 timing config:load Completed in 4ms
17 timing npm:load:configload Completed in 4ms
18 timing config:load:flatten Completed in 1ms
19 timing npm:load:mkdirpcache Completed in 0ms
20 timing npm:load:mkdirplogs Completed in 0ms
21 verbose title npm publish
22 verbose argv "publish" "--cache" ".npm-cache"
23 timing npm:load:setTitle Completed in 0ms
24 timing npm:load:display Completed in 0ms
25 verbose logfile logs-max:10 dir:/Users/mariusndini/Documents/GitHub/n8n-nodes-mnexium/.npm-cache/_logs/2026-02-18T22_16_20_933Z-
26 verbose logfile /Users/mariusndini/Documents/GitHub/n8n-nodes-mnexium/.npm-cache/_logs/2026-02-18T22_16_20_933Z-debug-0.log
27 timing npm:load:logFile Completed in 4ms
28 timing npm:load:timers Completed in 0ms
29 timing npm:load:configScope Completed in 0ms
30 timing npm:load Completed in 13ms
31 verbose publish [ '.' ]
32 silly logfile done cleaning log files
33 timing arborist:ctor Completed in 0ms
34 timing arborist:ctor Completed in 0ms
35 warn publish npm auto-corrected some errors in your package.json when publishing.  Please run "npm pkg fix" to address these errors.
36 warn publish errors corrected:
36 warn publish "repository.url" was normalized to "git+https://github.com/mnexium/mnexium.com.git"
37 notice
38 notice 📦  n8n-nodes-mnexium@0.1.2
39 notice === Tarball Contents ===
40 notice 1.1kB   LICENSE                                       
40 notice 3.4kB   README.md                                     
40 notice 325B    dist/credentials/MnexiumApi.credentials.d.ts  
40 notice 2.5kB   dist/credentials/MnexiumApi.credentials.js    
40 notice 1.2kB   dist/credentials/MnexiumApi.credentials.js.map
40 notice 100B    dist/index.d.ts                               
40 notice 926B    dist/index.js                                 
40 notice 138B    dist/index.js.map                             
40 notice 991B    dist/nodes/Mnexium/mnexium.helpers.d.ts       
40 notice 5.5kB   dist/nodes/Mnexium/mnexium.helpers.js         
40 notice 5.5kB   dist/nodes/Mnexium/mnexium.helpers.js.map     
40 notice 287B    dist/nodes/Mnexium/Mnexium.node.d.ts          
40 notice 44.4kB  dist/nodes/Mnexium/Mnexium.node.js            
40 notice 29.6kB  dist/nodes/Mnexium/Mnexium.node.js.map        
40 notice 100.8kB dist/nodes/Mnexium/mnexium.png                
40 notice 112B    dist/nodes/Mnexium/mnexium.properties.d.ts    
40 notice 57.3kB  dist/nodes/Mnexium/mnexium.properties.js      
40 notice 42.5kB  dist/nodes/Mnexium/mnexium.properties.js.map  
40 notice 1.5kB   package.json                                  
41 notice === Tarball Details ===
42 notice name:          n8n-nodes-mnexium                       
42 notice version:       0.1.2                                   
42 notice filename:      n8n-nodes-mnexium-0.1.2.tgz             
42 notice package size:  128.2 kB                                
42 notice unpacked size: 298.3 kB                                
42 notice shasum:        4f61aaab53f92add7f4d51d60e6346d86f9444ff
42 notice integrity:     sha512-7UORPPIfMNU1W[...]USQhvOUEvxUsQ==
42 notice total files:   19                                      
43 notice
44 notice Publishing to https://registry.npmjs.org/ with tag latest and public access
